16:40:55 **** Incremental Build of configuration Debug for project LED_Blinking ****
make -j4 all 
arm-none-eabi-gcc "../Core/Src/main.c" -mcpu=cortex-m4 -std=gnu11 -g3 -DDEBUG -DUSE_HAL_DRIVER -DSTM32F401xE -c -I../Core/Inc -I../Drivers/STM32F4xx_HAL_Driver/Inc -I../Drivers/STM32F4xx_HAL_Driver/Inc/Legacy -I../Drivers/CMSIS/Device/ST/STM32F4xx/Include -I../Drivers/CMSIS/Include -O0 -ffunction-sections -fdata-sections -Wall -fstack-usage -fcyclomatic-complexity -MMD -MP -MF"Core/Src/main.d" -MT"Core/Src/main.o" --specs=nano.specs -mfpu=fpv4-sp-d16 -mfloat-abi=hard -mthumb -o "Core/Src/main.o"
arm-none-eabi-gcc -o "LED_Blinking.elf" @"objects.list"   -mcpu=cortex-m4 -T"C:\Users\Muhammad Ali khan\Desktop\LED_BLInking\LED_Blinking\STM32F401RETX_FLASH.ld" --specs=nosys.specs -Wl,-Map="LED_Blinking.map" -Wl,--gc-sections -static --specs=nano.specs -mfpu=fpv4-sp-d16 -mfloat-abi=hard -mthumb -Wl,--start-group -lc -lm -Wl,--end-group
Finished building target: LED_Blinking.elf
 
arm-none-eabi-size   LED_Blinking.elf 
arm-none-eabi-objdump -h -S  LED_Blinking.elf  > "LED_Blinking.list"
arm-none-eabi-objcopy  -O ihex  LED_Blinking.elf  "LED_Blinking.hex"
arm-none-eabi-objcopy  -O binary  LED_Blinking.elf  "LED_Blinking.bin"
   text	   data	    bss	    dec	    hex	filename
   5792	     20	   1572	   7384	   1cd8	LED_Blinking.elf
Finished building: default.size.stdout
 
Finished building: LED_Blinking.hex
Finished building: LED_Blinking.bin
 
 
Finished building: LED_Blinking.list
 

16:40:58 Build Finished. 0 errors, 0 warnings. (took 2s.365ms)

