../Core/Src/main.c:71:6:HAL_UART_RxCpltCallback	24	static
../Core/Src/main.c:84:6:HAL_GPIO_EXTI_Callback	24	static
../Core/Src/main.c:115:6:HAL_RTCEx_WakeUpTimerEventCallback	16	static
../Core/Src/main.c:132:5:main	24	static
../Core/Src/main.c:236:6:SystemClock_Config	88	static
../Core/Src/main.c:283:13:MX_I2C1_Init	8	static
../Core/Src/main.c:317:13:MX_RTC_Init	32	static
../Core/Src/main.c:387:13:MX_USART1_UART_Init	8	static
../Core/Src/main.c:420:13:MX_GPIO_Init	48	static
../Core/Src/main.c:483:6:Error_Handler	4	static,ignoring_inline_asm
