../Core/Src/main.c:69:6:HAL_UART_RxCpltCallback	24	static
../Core/Src/main.c:79:6:HAL_GPIO_EXTI_Callback	24	static
../Core/Src/main.c:108:6:HAL_RTCEx_WakeUpTimerEventCallback	24	static
../Core/Src/main.c:123:5:main	24	static
../Core/Src/main.c:220:6:SystemClock_Config	88	static
../Core/Src/main.c:267:13:MX_I2C1_Init	8	static
../Core/Src/main.c:301:13:MX_RTC_Init	32	static
../Core/Src/main.c:371:13:MX_USART2_UART_Init	8	static
../Core/Src/main.c:404:13:MX_GPIO_Init	48	static
../Core/Src/main.c:467:6:Error_Handler	4	static,ignoring_inline_asm
